
> campus-bazaar-pro@0.0.0 build
> vite build

[36mvite v8.0.3 [32mbuilding client environment for production...[36m[39m
[2K
transforming...✓ 1750 modules transformed.
rendering chunks...
node.exe : [31m✗[39m Build failed in 906ms
At C:\Program Files\nodejs\npm.ps1:29 char:3
+   & $NODE_EXE $NPM_CLI_JS $args
+   ~~~~~~~~~~~~~~~~~~~~~~~~~~~~~
    + CategoryInfo          : NotSpecified: ([31m 
   ✗[39m Build failed in 906ms:String) [], Remot  
  eException
    + FullyQualifiedErrorId : NativeCommandError
 
[31merror during build:
[31mBuild failed with 3 errors:

[31m[MISSING_EXPORT] Error:[0m "Facebook" is not 
exported by "node_modules/lucide-react/dist/esm/luc
ide-react.js".
   
[38;5;246m╭[0m[38;5;246m─[0m[38;5;246m[[0m 
src/components/Footer.jsx:3:10 [38;5;246m][0m
   [38;5;246m│[0m
 [38;5;246m3 │[0m [38;5;249mi[0m[38;5;249mm[0
m[38;5;249mp[0m[38;5;249mo[0m[38;5;249mr[0m[
38;5;249mt[0m[38;5;249m 
[0m[38;5;249m{[0m[38;5;249m 
[0mFacebook[38;5;249m,[0m[38;5;249m [0m[38;5;
249mI[0m[38;5;249mn[0m[38;5;249ms[0m[38;5;249
mt[0m[38;5;249ma[0m[38;5;249mg[0m[38;5;249mr
[0m[38;5;249ma[0m[38;5;249mm[0m[38;5;249m,[0m
[38;5;249m [0m[38;5;249mT[0m[38;5;249mw[0m[3
8;5;249mi[0m[38;5;249mt[0m[38;5;249mt[0m[38;5
;249me[0m[38;5;249mr[0m[38;5;249m,[0m[38;5;24
9m [0m[38;5;249mM[0m[38;5;249ma[0m[38;5;249mi
[0m[38;5;249ml[0m[38;5;249m 
[0m[38;5;249m}[0m[38;5;249m [0m[38;5;249mf[0
m[38;5;249mr[0m[38;5;249mo[0m[38;5;249mm[0m[
38;5;249m [0m[38;5;249m"[0m[38;5;249ml[0m[38;
5;249mu[0m[38;5;249mc[0m[38;5;249mi[0m[38;5;2
49md[0m[38;5;249me[0m[38;5;249m-[0m[38;5;249m
r[0m[38;5;249me[0m[38;5;249ma[0m[38;5;249mc[
0m[38;5;249mt[0m[38;5;249m"[0m[38;5;249m;[0m
 [38;5;240m  │[0m          ────┬───  
 [38;5;240m  │[0m              ╰───── Missing 
export
[38;5;246m───╯[0m

[31m[MISSING_EXPORT] Error:[0m "Instagram" is 
not exported by "node_modules/lucide-react/dist/esm
/lucide-react.js".
   
[38;5;246m╭[0m[38;5;246m─[0m[38;5;246m[[0m 
src/components/Footer.jsx:3:20 [38;5;246m][0m
   [38;5;246m│[0m
 [38;5;246m3 │[0m [38;5;249mi[0m[38;5;249mm[0
m[38;5;249mp[0m[38;5;249mo[0m[38;5;249mr[0m[
38;5;249mt[0m[38;5;249m 
[0m[38;5;249m{[0m[38;5;249m [0m[38;5;249mF[0
m[38;5;249ma[0m[38;5;249mc[0m[38;5;249me[0m[
38;5;249mb[0m[38;5;249mo[0m[38;5;249mo[0m[38;
5;249mk[0m[38;5;249m,[0m[38;5;249m 
[0mInstagram[38;5;249m,[0m[38;5;249m [0m[38;5
;249mT[0m[38;5;249mw[0m[38;5;249mi[0m[38;5;24
9mt[0m[38;5;249mt[0m[38;5;249me[0m[38;5;249mr
[0m[38;5;249m,[0m[38;5;249m [0m[38;5;249mM[0
m[38;5;249ma[0m[38;5;249mi[0m[38;5;249ml[0m[
38;5;249m [0m[38;5;249m}[0m[38;5;249m [0m[38;
5;249mf[0m[38;5;249mr[0m[38;5;249mo[0m[38;5;2
49mm[0m[38;5;249m [0m[38;5;249m"[0m[38;5;249m
l[0m[38;5;249mu[0m[38;5;249mc[0m[38;5;249mi[
0m[38;5;249md[0m[38;5;249me[0m[38;5;249m-[0m
[38;5;249mr[0m[38;5;249me[0m[38;5;249ma[0m[38
;5;249mc[0m[38;5;249mt[0m[38;5;249m"[0m[38;5;
249m;[0m
 [38;5;240m  │[0m                    ────┬────  
 [38;5;240m  │[0m                        ╰────── 
Missing export
[38;5;246m───╯[0m

[31m[MISSING_EXPORT] Error:[0m "Twitter" is not 
exported by "node_modules/lucide-react/dist/esm/luc
ide-react.js".
   
[38;5;246m╭[0m[38;5;246m─[0m[38;5;246m[[0m 
src/components/Footer.jsx:3:31 [38;5;246m][0m
   [38;5;246m│[0m
 [38;5;246m3 │[0m [38;5;249mi[0m[38;5;249mm[0
m[38;5;249mp[0m[38;5;249mo[0m[38;5;249mr[0m[
38;5;249mt[0m[38;5;249m 
[0m[38;5;249m{[0m[38;5;249m [0m[38;5;249mF[0
m[38;5;249ma[0m[38;5;249mc[0m[38;5;249me[0m[
38;5;249mb[0m[38;5;249mo[0m[38;5;249mo[0m[38;
5;249mk[0m[38;5;249m,[0m[38;5;249m [0m[38;5;2
49mI[0m[38;5;249mn[0m[38;5;249ms[0m[38;5;249m
t[0m[38;5;249ma[0m[38;5;249mg[0m[38;5;249mr[
0m[38;5;249ma[0m[38;5;249mm[0m[38;5;249m,[0m
[38;5;249m [0mTwitter[38;5;249m,[0m[38;5;249m 
[0m[38;5;249mM[0m[38;5;249ma[0m[38;5;249mi[0m
[38;5;249ml[0m[38;5;249m 
[0m[38;5;249m}[0m[38;5;249m [0m[38;5;249mf[0
m[38;5;249mr[0m[38;5;249mo[0m[38;5;249mm[0m[
38;5;249m [0m[38;5;249m"[0m[38;5;249ml[0m[38;
5;249mu[0m[38;5;249mc[0m[38;5;249mi[0m[38;5;2
49md[0m[38;5;249me[0m[38;5;249m-[0m[38;5;249m
r[0m[38;5;249me[0m[38;5;249ma[0m[38;5;249mc[
0m[38;5;249mt[0m[38;5;249m"[0m[38;5;249m;[0m
 [38;5;240m  │[0m                               
───┬───  
 [38;5;240m  │[0m                                
  ╰───── Missing export
[38;5;246m───╯[0m
[31m
    at aggregateBindingErrorsIntoJsError (file:///C
:/Users/Hp/OneDrive/Desktop/Campus_Bazaar_Pro/node_
modules/rolldown/dist/shared/error-BLhcSyeg.mjs:48:
18)
    at unwrapBindingResult (file:///C:/Users/Hp/One
Drive/Desktop/Campus_Bazaar_Pro/node_modules/rolldo
wn/dist/shared/error-BLhcSyeg.mjs:18:128)
    at #build (file:///C:/Users/Hp/OneDrive/Desktop
/Campus_Bazaar_Pro/node_modules/rolldown/dist/share
d/rolldown-build-CPrIX9V6.mjs:3313:34)
    at async buildEnvironment (file:///C:/Users/Hp/
OneDrive/Desktop/Campus_Bazaar_Pro/node_modules/vit
e/dist/node/chunks/node.js:32849:64)
    at async Object.build (file:///C:/Users/Hp/OneD
rive/Desktop/Campus_Bazaar_Pro/node_modules/vite/di
st/node/chunks/node.js:33271:19)
    at async Object.buildApp (file:///C:/Users/Hp/O
neDrive/Desktop/Campus_Bazaar_Pro/node_modules/vite
/dist/node/chunks/node.js:33268:153)
    at async CAC.<anonymous> (file:///C:/Users/Hp/O
neDrive/Desktop/Campus_Bazaar_Pro/node_modules/vite
/dist/node/cli.js:778:3) {
  errors: [Getter/Setter]
}[39m
